[nkiri.com/category/international/index.html]
[backblue.gif]
[fade.gif]
[index.html]
[nkiri.com/wp-includes/css/dist/block-library/style109c.css]
[nkiri.com/category/international/feed/index.html]
[nkiri.com/wp-content/themes/oceanwp/assets/fonts/fontawesome/css/all.minaf6c.css]
[nkiri.com/wp-content/themes/oceanwp/assets/css/third/simple-line-icons.minaf6c.css]
[nkiri.com/wp-content/themes/oceanwp/assets/css/style.minaf6c.css]
[nkiri.com/wp-content/plugins/elementor/assets/css/frontendf9f0.css]
[nkiri.com/wp-content/plugins/essential-addons-for-elementor-lite/assets/front-end/css/view/general.minfc7a.css]
[nkiri.com/wp-content/plugins/google-analytics-for-wordpress/assets/js/frontend-gtag5c73.js]
[nkiri.com/wp-includes/js/jquery/jquery-migrate5589.js]
[nkiri.com/wp-includes/js/jquery/jqueryf43b.js]
[nkiri.com/wp-content/uploads/2019/08/cropped-LogoMakr_62nXwA-32x32.png]
[nkiri.com/wp-content/uploads/2019/08/cropped-LogoMakr_62nXwA-192x192.png]
[nkiri.com/wp-content/uploads/2019/08/cropped-LogoMakr_62nXwA-180x180.png]
[nkiri.com/wp-content/uploads/2019/08/cropped-cropped-cropped-cropped-cropped-LogoMakr_62nXwA-1.png]
[nkiri.com/wp-content/plugins/add-search-to-menu/public/images/spinner.gif]
[nkiri.com/wp-content/uploads/2024/10/the-trouble-with-jessica-hollywood-movie.jpg]
[nkiri.com/wp-content/uploads/2024/10/the-menendez-brothers-hollywood-movie.jpg]
[nkiri.com/wp-content/uploads/2024/10/hellboy-hollywood-movie.jpg]
[nkiri.com/wp-content/uploads/2024/10/beetlejuice-beetlejuice-hollywood-movie.jpg]
[nkiri.com/wp-content/uploads/2024/10/azrael-hollywood-movie.jpg]
[nkiri.com/wp-content/uploads/2024/10/bad-blood-wrestling-special.jpg]
[nkiri.com/wp-content/uploads/2024/10/spin-the-bottle-hollywood-movie.jpg]
[nkiri.com/wp-content/uploads/2024/10/the-platform-2-spanish-movie.jpg]
[nkiri.com/wp-content/uploads/2024/10/things-will-be-different-hollywood-movie.jpg]
[nkiri.com/wp-content/uploads/2024/10/little-bites-hollywood-movie.jpg]
[nkiri.com/wp-content/uploads/2024/10/the-radleys-hollywood-movie.jpg]
[nkiri.com/wp-content/uploads/2024/10/its-whats-inside-hollywood-movie.jpg]
[nkiri.com/wp-content/uploads/2024/10/vhs-beyond-hollywood-movie.jpg]
[nkiri.com/wp-content/uploads/2024/10/striking-the-palace-french-movie.jpg]
[nkiri.com/wp-content/uploads/2024/10/goods-not-dead-hollywood-movie.jpg]
[nkiri.com/wp-content/uploads/2024/10/the-killers-game-hollywood-movie.jpg]
[nkiri.com/wp-content/uploads/2024/10/trouble-swedish-movie.jpg]
[nkiri.com/wp-content/uploads/2024/10/house-of-spoils-hollywood-movie.jpg]
[nkiri.com/wp-content/uploads/2024/10/salems-lot-hollywood-movie.jpg]
[nkiri.com/wp-content/uploads/2024/10/hold-your-breath-hollywood-movie.jpg]
[nkiri.com/wp-content/uploads/2024/10/my-penguin-friend-hollywood-movie.jpg]
[nkiri.com/wp-content/uploads/2024/10/Cassino-in-Ischia-hollywood-movie.jpg]
[nkiri.com/wp-content/uploads/2024/10/the-4-30-Movie-hollywood-movie.jpg]
[nkiri.com/wp-content/uploads/2024/10/the-curse-of-the-necklace-hollywood-movie.jpg]
[nkiri.com/wp-content/uploads/2024/10/speak-no-evil-hollywood-movie.jpg]
[nkiri.com/wp-content/uploads/2024/10/strange-darling-hollywood-movie.jpg]
[nkiri.com/wp-content/uploads/2024/10/deadpool-and-wolverine-hollywood-movie.jpg]
[nkiri.com/wp-content/uploads/2024/09/The-wasp-hollywood-movie.jpg]
[nkiri.com/wp-content/uploads/2024/09/amber-alert-hollywood-movie.jpg]
[nkiri.com/wp-content/uploads/2024/09/rez-ball-hollywood-movie.jpg]
[nkiri.com/wp-content/plugins/add-search-to-menu/public/css/ivory-ajax-search.min234e.css]
[nkiri.com/wp-includes/js/imagesloaded.minbb93.js]
[nkiri.com/category/international/page/86/index.html]
[nkiri.com/wp-content/themes/oceanwp/assets/js/theme.minaf6c.js]
[nkiri.com/category/international/page/3/index.html]
[nkiri.com/wp-content/themes/oceanwp/assets/js/drop-down-mobile-menu.minaf6c.js]
[nkiri.com/category/international/page/4/index.html]
[nkiri.com/wp-content/themes/oceanwp/assets/js/drop-down-search.minaf6c.js]
[nkiri.com/wp-content/themes/oceanwp/assets/js/vendors/magnific-popup.minaf6c.js]
[nkiri.com/wp-content/themes/oceanwp/assets/js/ow-lightbox.minaf6c.js]
[nkiri.com/wp-content/themes/oceanwp/assets/js/vendors/flickity.pkgd.minaf6c.js]
[nkiri.com/wp-content/themes/oceanwp/assets/js/ow-slider.minaf6c.js]
[nkiri.com/wp-content/themes/oceanwp/assets/js/scroll-effect.minaf6c.js]
[nkiri.com/wp-content/themes/oceanwp/assets/js/scroll-top.minaf6c.js]
[nkiri.com/wp-content/themes/oceanwp/assets/js/select.minaf6c.js]
[nkiri.com/wp-content/plugins/essential-addons-for-elementor-lite/assets/front-end/js/view/general.minfc7a.js]
[nkiri.com/wp-content/plugins/add-search-to-menu/public/js/ivory-search.min234e.js]
[nkiri.com/category/international/index.html]
[nkiri.com/wp-content/plugins/add-search-to-menu/public/js/ivory-ajax-search.min234e.js]
[nkiri.com/wp-includes/css/dist/block-library/style109c.css]
[nkiri.com/wp-content/themes/oceanwp/assets/fonts/fontawesome/css/all.minaf6c.css]
[nkiri.com/wp-content/themes/oceanwp/assets/css/third/simple-line-icons.minaf6c.css]
[nkiri.com/wp-content/themes/oceanwp/assets/css/style.minaf6c.css]
[nkiri.com/wp-content/plugins/elementor/assets/css/frontendf9f0.css]
[nkiri.com/wp-content/plugins/essential-addons-for-elementor-lite/assets/front-end/css/view/general.minfc7a.css]
[nkiri.com/wp-content/plugins/google-analytics-for-wordpress/assets/js/frontend-gtag5c73.js]
[nkiri.com/wp-content/plugins/add-search-to-menu/public/css/ivory-search.min234e.css]
[nkiri.com/wp-includes/js/jquery/jqueryf43b.js]
[nkiri.com/wp-includes/js/jquery/jquery-migrate5589.js]
[nkiri.com/category/international/page/2/index.html]
[nkiri.com/category/international/true/index.html]
[nkiri.com/wp-content/plugins/google-analytics-for-wordpress/assets/js/frontend-gtagc21a.js]
[nkiri.com/wp-content/uploads/2024/09/rob-peace-hollywood-movie.jpg]
[nkiri.com/wp-content/uploads/2024/09/The-Jane-Mysteries-A-Deadly-Prescription-2024-Download-Hollywood-Movie.jpg]
[nkiri.com/wp-content/uploads/2024/09/love-on-the-danube-love-song-hollywood-movie.jpg]
[nkiri.com/wp-content/uploads/2024/09/Sound-of-Hope-The-Story-of-Possum-Trot.jpg]
[nkiri.com/wp-content/uploads/2024/09/sight-hollywood-movie.jpg]
[nkiri.com/wp-content/uploads/2024/09/shoshana-hollywood-movie.jpg]
[nkiri.com/wp-content/uploads/2024/09/the-demon-disorder-hollywood-movie.jpg]
[nkiri.com/wp-content/uploads/2024/09/killer-babes-spanish-movie.jpg]
[nkiri.com/wp-content/uploads/2024/09/my-first-film-hollywood-movie.jpg]
[nkiri.com/wp-content/uploads/2024/09/rebel-ridge-hollywood-movie.jpg]
[nkiri.com/wp-content/uploads/2024/09/coup-hollywood-movie.jpg]
[nkiri.com/wp-content/uploads/2024/09/skincare-hollywood-movie.jpg]
[nkiri.com/wp-content/uploads/2024/09/the-crossroads-hollywood-movie.jpg]
[nkiri.com/wp-content/uploads/2024/09/didi-hollywood-movie.jpg]
[nkiri.com/wp-content/uploads/2024/09/the-rooster-hollywood-movie.jpg]
[nkiri.com/wp-content/uploads/2024/09/the-good-half-hollywood-movie.jpg]
[nkiri.com/wp-content/uploads/2024/09/bash-in-berlin-wrestling-special.jpg]
[nkiri.com/wp-content/uploads/2024/08/freedom-hair-hollywood-movie.jpg]
[nkiri.com/wp-content/uploads/2024/08/outcome-the-wolves-hollywood-movie.jpg]
[nkiri.com/wp-content/uploads/2024/08/the-deliverance-hollywood-movie.jpg]
[nkiri.com/wp-content/uploads/2024/08/trap-hollwyood-movie.jpg]
[nkiri.com/wp-content/uploads/2024/08/borderlands-hollywood-movie.jpg]
[nkiri.com/wp-content/uploads/2024/08/the-magic-of-lemon-drops-hollywood-movie.jpg]
[nkiri.com/wp-content/uploads/2024/08/running-on-empty-hollywood-movie.jpg]
[nkiri.com/wp-content/uploads/2024/08/someone-like-you-hollywood-movie.jpg]
[nkiri.com/wp-content/uploads/2024/08/harold-and-the-purple-crayon-hollywood-movie.jpg]
[nkiri.com/wp-content/uploads/2024/08/kinds-of-kindness-hollywood-movie.jpg]
[nkiri.com/wp-content/uploads/2024/08/inside-out-hollywood-movie.jpg]
[nkiri.com/wp-content/uploads/2024/08/my-divorce-party-hollywood-movie.jpg]
[nkiri.com/wp-content/uploads/2024/08/place-of-bones-hollywood-movie.jpg]
[nkiri.com/category/international/page/3/index.html]
[nkiri.com/category/international/page/6/index.html]
[nkiri.com/wp-content/plugins/google-analytics-for-wordpress/assets/js/frontend-gtag1cdc.js]
[nkiri.com/wp-content/uploads/2024/08/incoming-hollywood-movie.jpg]
[nkiri.com/category/international/page/5/index.html]
[nkiri.com/wp-content/uploads/2024/08/the-killer-hollywood-movie.jpg]
[nkiri.com/wp-content/uploads/2024/08/longlegs-hollywood-movie.jpg]
[nkiri.com/wp-content/uploads/2024/08/The-Supremes-at-Earls-All-You-Can-Eat-2024-Download-Hollywood-Movie.jpg]
[nkiri.com/wp-content/uploads/2024/08/greedy-people-hollywood-movie.jpg]
[nkiri.com/wp-content/uploads/2024/08/nice-girls-french-movie.jpg]
[nkiri.com/wp-content/uploads/2024/08/Art-of-eight-limbs-hollywood-movie.jpg]
[nkiri.com/wp-content/uploads/2024/08/the-clean-up-crew-hollywood-movie.jpg]
[nkiri.com/wp-content/uploads/2024/08/oddity-hollywood-movie.jpg]
[nkiri.com/wp-content/uploads/2024/08/inside-out-2-hollywood-movie.jpg]
[nkiri.com/wp-content/uploads/2024/08/gunner-hollywood-movie.jpg]
[nkiri.com/wp-content/uploads/2024/08/summer-solstice-hollywood-movie.jpg]
[nkiri.com/wp-content/uploads/2024/08/national-anthem-hollywood-movie.jpg]
[nkiri.com/wp-content/uploads/2024/08/the-union-hollywood-movie.jpg]
[nkiri.com/wp-content/uploads/2024/08/dance-first-hollywood-movie.jpg]
[nkiri.com/wp-content/uploads/2024/08/crescent-city-hollywood-movie.jpg]
[nkiri.com/wp-content/uploads/2024/08/the-duel-hollywood-movie.jpg]
[nkiri.com/wp-content/uploads/2024/08/jackpot-hollywood-movie-1.jpg]
[nkiri.com/wp-content/uploads/2024/08/my-dreams-of-you-hollywood-movie.jpg]
[nkiri.com/wp-content/uploads/2024/08/robin-and-the-hoods-hollywood-movie.jpg]
[nkiri.com/wp-content/uploads/2024/08/the-beast-within-hollywood-movie.jpg]
[nkiri.com/wp-content/uploads/2024/08/we-are-zombies-hollywood-movie.jpg]
[nkiri.com/wp-content/uploads/2024/08/fly-me-to-the-moon-hollywood-movie.jpg]
[nkiri.com/wp-content/uploads/2024/08/minions-hollywood-movie.jpg]
[nkiri.com/wp-content/uploads/2024/08/dandelion-hollywood-movie.jpg]
[nkiri.com/wp-content/uploads/2024/08/twisters-hollywood-movie.jpg]
[nkiri.com/wp-content/uploads/2024/08/gg-good-game-korean-movie.jpg]
[nkiri.com/wp-content/uploads/2024/08/the-instigators-hollywood-movie.jpg]
[nkiri.com/wp-content/uploads/2024/08/one-fast-move-hollywood-movie.jpg]
[nkiri.com/wp-content/uploads/2024/08/the-shakedown-hollywood-movie.jpg]
[nkiri.com/category/international/page/4/index.html]
[nkiri.com/wp-content/plugins/google-analytics-for-wordpress/assets/js/frontend-gtag73cf.js]
[nkiri.com/category/international/page/7/index.html]
[nkiri.com/category/international/page/85/index.html]
[nkiri.com/wp-content/uploads/2019/09/itsy-bitsy-1.jpg]
[nkiri.com/wp-content/uploads/2019/09/killers-anonymous.jpg]
[nkiri.com/wp-content/uploads/2019/09/lizziemcguire.jpg]
[nkiri.com/wp-content/uploads/2019/08/xmen-dark-poster-e1567151817113.jpg]
[nkiri.com/wp-content/uploads/2019/08/meninblackinternational.jpg]
[nkiri.com/wp-content/uploads/2019/08/freedumb.jpg]
[nkiri.com/wp-content/uploads/2019/08/canalstreet.jpg]
[nkiri.com/wp-content/uploads/2019/08/fastcolor.jpg]
[nkiri.com/wp-content/uploads/2019/08/the-tomorrow-man.jpg]
[nkiri.com/wp-content/uploads/2019/08/poimpp.jpg]
[nkiri.com/wp-content/uploads/2019/08/serenity.jpg]
[nkiri.com/wp-content/uploads/2019/08/onelastnight.jpg]
[nkiri.com/wp-content/uploads/2019/08/seaside2018.jpg]
[nkiri.com/wp-content/uploads/2019/08/sextuplets-e1567064607951.jpg]
[nkiri.com/wp-content/uploads/2019/08/hellboy3.jpg]
[nkiri.com/wp-content/uploads/2019/08/everyday-movie.jpg]
[nkiri.com/wp-content/uploads/2019/08/irreplace-you.jpg]
[nkiri.com/wp-content/uploads/2019/08/bright.jpg]
[nkiri.com/wp-content/uploads/2019/08/ma.jpg]
[nkiri.com/wp-content/uploads/2019/08/The-Sun-Is-Also-A-Star.jpg]
[nkiri.com/wp-content/uploads/2019/08/Trevor-Noah-Son-Of-Patricia.jpg]
[nkiri.com/category/international/page/86/index.html]
[nkiri.com/wp-content/plugins/add-search-to-menu/public/css/ivory-ajax-search.min234e.css]
[nkiri.com/wp-includes/js/imagesloaded.minbb93.js]
[nkiri.com/category/international/page/83/index.html]
[nkiri.com/category/international/classApplyDescriptorGet.js]
[nkiri.com/category/international/page/84/index.html]
[nkiri.com/category/international/classExtractFieldDescriptor.js]
[nkiri.com/category/international/classApplyDescriptorSet.js]
[nkiri.com/wp-content/themes/oceanwp/assets/js/theme.minaf6c.js]
[nkiri.com/wp-content/themes/oceanwp/assets/js/drop-down-mobile-menu.minaf6c.js]
[nkiri.com/category/international/setPrototypeOf.js]
[nkiri.com/category/international/assertThisInitialized.js]
[nkiri.com/wp-content/themes/oceanwp/assets/js/drop-down-search.minaf6c.js]
[nkiri.com/wp-content/themes/oceanwp/assets/js/vendors/magnific-popup.minaf6c.js]
[nkiri.com/wp-content/themes/oceanwp/assets/js/ow-lightbox.minaf6c.js]
[nkiri.com/wp-content/themes/oceanwp/assets/js/vendors/flickity.pkgd.minaf6c.js]
[nkiri.com/wp-content/themes/oceanwp/assets/js/ow-slider.minaf6c.js]
[nkiri.com/wp-content/themes/oceanwp/assets/js/scroll-effect.minaf6c.js]
[nkiri.com/wp-content/themes/oceanwp/assets/js/scroll-top.minaf6c.js]
[nkiri.com/wp-content/themes/oceanwp/assets/js/select.minaf6c.js]
[nkiri.com/category/international/e]
[nkiri.com/wp-content/plugins/essential-addons-for-elementor-lite/assets/front-end/js/view/general.minfc7a.js]
[nkiri.com/wp-content/plugins/add-search-to-menu/public/js/ivory-search.min234e.js]
[nkiri.com/wp-content/plugins/add-search-to-menu/public/js/ivory-ajax-search.min234e.js]
[nkiri.com/wp-content/uploads/2024/09/she-taught-love-hollywood-movie.jpg]
[nkiri.com/wp-content/uploads/2024/09/war-game-hollywood-movie.jpg]
[nkiri.com/wp-content/uploads/2024/09/balestra-hollywood-movie.jpg]
[nkiri.com/wp-content/uploads/2024/09/apartment-7a-hollywood-movie.jpg]
[nkiri.com/wp-content/uploads/2024/09/wolfs-hollywood-movie.jpg]
[nkiri.com/wp-content/uploads/2024/09/killer-heat-hollywood-movie.jpg]
[nkiri.com/wp-content/uploads/2024/09/between-the-temples-hollywood-movie.jpg]
[nkiri.com/wp-content/uploads/2024/09/the-front-room-hollywood-movie.jpg]
[nkiri.com/wp-content/uploads/2024/09/kill-em-2-hollywood-movie.jpg]
[nkiri.com/wp-content/uploads/2024/09/it-ends-with-us-hollywood-movie.jpg]
[nkiri.com/wp-content/uploads/2024/09/omni-loop-hollywood-movie.jpg]
[nkiri.com/wp-content/uploads/2024/09/the-thickest-hollywood-movie.jpg]
[nkiri.com/wp-content/uploads/2024/09/his-three-daughters-hollywood-movie.jpg]
[nkiri.com/wp-content/uploads/2024/09/long-gone-heroes-hollywood-movie.jpg]
[nkiri.com/wp-content/uploads/2024/09/hounds-of-war-hollywood-movie.jpg]
[nkiri.com/wp-content/uploads/2024/09/200-wolf-hollywood-movie.jpg]
[nkiri.com/wp-content/uploads/2024/09/the-invisbles-hollywood-movie.jpg]
[nkiri.com/wp-content/uploads/2024/09/sing-sing-hollywood-movie.jpg]
[nkiri.com/wp-content/uploads/2024/09/slingshot-hollywood-movie.jpg]
[nkiri.com/wp-content/uploads/2024/09/afraid-hollywood-movie.jpg]
[nkiri.com/wp-content/uploads/2024/09/1992-hollywood-movie.jpg]
[nkiri.com/wp-content/uploads/2024/09/you-gotta-believe-hollywood-movie.jpg]
[nkiri.com/wp-content/uploads/2024/09/blink-twice-hollywood-movie.jpg]
[nkiri.com/wp-content/uploads/2024/09/cuckoo-hollywood-movie.jpg]
[nkiri.com/wp-content/uploads/2024/09/winner-hollywood-movie.jpg]
[nkiri.com/wp-content/uploads/2024/09/mother-couch-hollywood-movie.jpg]
[nkiri.com/wp-content/uploads/2024/09/uglies-hollywood-movie.jpg]
[nkiri.com/wp-content/uploads/2024/09/subservience-hollywood-movie.jpg]
[nkiri.com/wp-content/uploads/2024/09/here-after-hollywood-movie.jpg]
[nkiri.com/wp-content/uploads/2024/09/the-crow-hollywood-movie.jpg]
[nkiri.com/category/international/page/2/index.html]
[nkiri.com/wp-content/plugins/add-search-to-menu/public/css/ivory-search.min234e.css]
[nkiri.com/category/international/true/index.html]
[nkiri.com/wp-content/plugins/google-analytics-for-wordpress/assets/js/frontend-gtagc21a.js]
[nkiri.com/category/international/page/1/index.html]
[nkiri.com/wp-content/plugins/google-analytics-for-wordpress/assets/js/frontend-gtag2cef.js]
[nkiri.com/wp-content/uploads/2024/08/spy-x-family-code-white-japanese-movie.jpg]
[nkiri.com/wp-content/uploads/2024/08/widow-clicquot-hollywood-movie.jpg]
[nkiri.com/wp-content/uploads/2024/08/junebug-hollywood-movie.jpg]
[nkiri.com/wp-content/uploads/2024/08/despicable-me-4-hollywood-movie.jpg]
[nkiri.com/wp-content/uploads/2024/08/summer-slam-2024-wrestling-special.jpg]
[nkiri.com/wp-content/uploads/2024/08/rebel-moon-part-1-dc-hollywood-move.jpg]
[nkiri.com/wp-content/uploads/2024/08/rebel-moon-part-2-dc-hollywood-movie.jpg]
[nkiri.com/wp-content/uploads/2024/08/detained-hollywood-movie.jpg]
[nkiri.com/wp-content/uploads/2024/08/maxxine-hollywood-movie.jpg]
[nkiri.com/wp-content/uploads/2024/07/janet-planet-hollywood-movie.jpg]
[nkiri.com/wp-content/uploads/2024/07/a-quiet-place-hollywood-movie.jpg]
[nkiri.com/wp-content/uploads/2024/07/ghostlight-hollywood-movie.jpg]
[nkiri.com/wp-content/uploads/2024/07/daddio-hollywood-movie.jpg]
[nkiri.com/wp-content/uploads/2024/07/treasure-hollywood-movie.jpg]
[nkiri.com/wp-content/uploads/2024/07/tuesday-hollywood-movie.jpg]
[nkiri.com/wp-content/uploads/2024/07/the-boy-in-the-woods-hollywood-movie.jpg]
[nkiri.com/wp-content/uploads/2024/07/starve-acre-hollywood-movie.jpg]
[nkiri.com/wp-content/uploads/2024/07/the-girl-in-the-pool-hollywood-movie.jpg]
[nkiri.com/wp-content/uploads/2024/07/a-quiet-place-day-one-hollywood-movie.jpg]
[nkiri.com/wp-content/uploads/2024/07/bad-boys-ride-or-die-hollywood-movie.jpg]
[nkiri.com/wp-content/uploads/2024/07/young-woman-and-the-sea-hollywood-movie.jpg]
[nkiri.com/wp-content/uploads/2024/07/thelma-hollywood-movie.jpg]
[nkiri.com/wp-content/uploads/2024/07/find-me-falling-hollywood-movie.jpg]
[nkiri.com/wp-content/uploads/2024/07/my-spy-hollywood-movie.jpg]
[nkiri.com/wp-content/uploads/2024/07/a-sacrifice-hollywood-movie.jpg]
[nkiri.com/wp-content/uploads/2024/07/the-dead-dont-hurt-hollywood-movie.jpg]
[nkiri.com/wp-content/uploads/2024/07/horizon-an-american-saga-hollywood-movie.jpg]
[nkiri.com/wp-content/uploads/2024/07/justice-league-crisis-on-infinite-eaths-part-three-hollywood-movie.jpg]
[nkiri.com/wp-content/uploads/2024/07/the-inheritance-hollywood-movie.jpg]
[nkiri.com/wp-content/uploads/2024/07/download-wildcat-hollywood-movie.jpg]
[nkiri.com/category/international/page/5/index.html]
[nkiri.com/category/international/page/8/index.html]
[nkiri.com/wp-content/plugins/google-analytics-for-wordpress/assets/js/frontend-gtag396d.js]
[nkiri.com/wp-content/uploads/2024/07/the-convert-hollywood-movie.jpg]
[nkiri.com/wp-content/uploads/2024/07/descendants-the-rise-of-red-hollywood-movie.jpg]
[nkiri.com/wp-content/uploads/2024/07/download-Tyler-Perrys-Divorce-in-the-Black-hollywood-movie.jpg]
[nkiri.com/wp-content/uploads/2024/07/latency-hollywood-movie.jpg]
[nkiri.com/wp-content/uploads/2024/07/fresh-kills-hollyood-movie.jpg]
[nkiri.com/wp-content/uploads/2024/07/dragonkeeper-hollywood-movie.jpg]
[nkiri.com/wp-content/uploads/2024/07/the-exorcism-hollywood-movie.jpg]
[nkiri.com/wp-content/uploads/2024/07/the-bikeriders-hollywood-movie.jpg]
[nkiri.com/wp-content/uploads/2024/07/the-garfield-movie-hollywood-movie.jpg]
[nkiri.com/wp-content/uploads/2024/07/kingdom-of-the-planet-of-apes-hollywood-movie.jpg]
[nkiri.com/wp-content/uploads/2024/07/money-in-the-bank-2024-wrestling.jpg]
[nkiri.com/wp-content/uploads/2024/07/the-beautiful-game-hollywood-movie.jpg]
[nkiri.com/wp-content/uploads/2024/07/hard-miles-hollywood-movie.jpg]
[nkiri.com/wp-content/uploads/2024/07/firebrand-hollywood-movei.jpg]
[nkiri.com/wp-content/uploads/2024/07/space-cadet-hollywood-movie.jpg]
[nkiri.com/wp-content/uploads/2024/07/control-hollywood-movie.jpg]
[nkiri.com/wp-content/uploads/2024/07/beverly-hills-cop-hollywood-movie.jpg]
[nkiri.com/wp-content/uploads/2024/07/boneyard-hollywood-movie.jpg]
[nkiri.com/wp-content/uploads/2024/07/babes-hollywood-movie.jpg]
[nkiri.com/wp-content/uploads/2024/06/a-family-affair-hollywood-movie.jpg]
[nkiri.com/wp-content/uploads/2024/06/hard-home-hollywood-movie.jpg]
[nkiri.com/wp-content/uploads/2024/06/the-watchers-hollywood-movie.jpg]
[nkiri.com/wp-content/uploads/2024/06/fancy-dance-hollywood-movie.jpg]
[nkiri.com/wp-content/uploads/2024/06/i-am-celine-dion-documentary.jpg]
[nkiri.com/wp-content/uploads/2024/06/summer-camp-hollywood-movie.jpg]
[nkiri.com/wp-content/uploads/2024/06/ezra-hollywood-movie.jpg]
[nkiri.com/wp-content/uploads/2024/06/the-boy-and-the-heron-japanese-movie.jpg]
[nkiri.com/wp-content/uploads/2024/06/furiosa-a-mad-max-saga-hollywood-movie.jpg]
[nkiri.com/wp-content/uploads/2024/06/trigger-warning-hollywood-movie.jpg]
[nkiri.com/wp-content/uploads/2024/06/baltimore-hollywood-movie.jpg]
[nkiri.com/category/international/page/6/index.html]
[nkiri.com/wp-content/plugins/google-analytics-for-wordpress/assets/js/frontend-gtag1cdc.js]
[nkiri.com/wp-content/plugins/google-analytics-for-wordpress/assets/js/frontend-gtag1c84.js]
[nkiri.com/category/international/page/9/index.html]
[nkiri.com/wp-content/uploads/2024/06/how-i-learned-to-fly-hollywood-movie.jpg]
[nkiri.com/wp-content/uploads/2024/06/les-infaillibles-french-movie.jpg]
[nkiri.com/wp-content/uploads/2024/06/road-wars-max-fury-hollywood-movie.jpg]
[nkiri.com/wp-content/uploads/2024/06/handling-the-undead-hollywood-movie.jpg]
[nkiri.com/wp-content/uploads/2024/06/billion-dollar-bluff-hollywood-movie.jpg]
[nkiri.com/wp-content/uploads/2024/06/IF-hollywood-movie.jpg]
[nkiri.com/wp-content/uploads/2024/06/we-grown-now-hollywood-movie.jpg]
[nkiri.com/wp-content/uploads/2024/06/i-used-to-be-funny-hollywood-movie.jpg]
[nkiri.com/wp-content/uploads/2024/06/clash-at-the-castke-scotland-wrestling-special.jpg]
[nkiri.com/wp-content/uploads/2024/06/ultraman-rising-movie.jpg]
[nkiri.com/wp-content/uploads/2024/06/with-love-your-sweetly-salted-hollywood-movie.jpg]
[nkiri.com/wp-content/uploads/2024/06/i-saw-the-tv-glow-hollywood-movie.jpg]
[nkiri.com/wp-content/uploads/2024/06/savoring-paris-hollywood-movie.jpg]
[nkiri.com/wp-content/uploads/2024/06/unsung-hero-hollywood-movie.jpg]
[nkiri.com/wp-content/uploads/2024/06/the-great-lillian-hall-hollywood-movie.jpg]
[nkiri.com/wp-content/uploads/2024/06/life-after-fighting-hollywood-movie.jpg]
[nkiri.com/wp-content/uploads/2024/06/late-bloomers-hollywood-movie.jpg]
[nkiri.com/wp-content/uploads/2024/06/under-paris-french-movie.jpg]
[nkiri.com/wp-content/uploads/2024/06/hitman-hollywood-movie.jpg]
[nkiri.com/wp-content/uploads/2024/06/big-city-greens-the-movie-hollywood-movie.jpg]
[nkiri.com/wp-content/uploads/2024/06/kill-your-lover-hollywood-movie.jpg]
[nkiri.com/wp-content/uploads/2024/06/the-strangers-chapter-hollywood-movie.jpg]
[nkiri.com/wp-content/uploads/2024/06/am-i-okay-hollywood-movie.jpg]
[nkiri.com/wp-content/uploads/2024/06/what-you-wish-for-hollywood-movie.jpg]
[nkiri.com/wp-content/uploads/2024/05/poolman-hollywood-movie.jpg]
[nkiri.com/wp-content/uploads/2024/05/die-hart-2-hollywood-movie.jpg]
[nkiri.com/wp-content/uploads/2024/05/not-another-church-movie-hollywood-movie.jpg]
[nkiri.com/wp-content/uploads/2024/05/tarot-hollywood-movie.jpg]
[nkiri.com/wp-content/uploads/2024/05/back-to-black-hollywood-movie.jpg]
[nkiri.com/wp-content/uploads/2024/05/the-first-omen-hollywood-movie.jpg]
[nkiri.com/category/international/page/7/index.html]
[nkiri.com/wp-content/plugins/google-analytics-for-wordpress/assets/js/frontend-gtag4d42.js]
[nkiri.com/wp-content/uploads/2019/09/papillon.jpg]
[nkiri.com/wp-content/uploads/2019/09/3days-with-dad.jpg]
[nkiri.com/wp-content/uploads/2019/09/someone-great.jpg]
[nkiri.com/category/international/page/10/index.html]
[nkiri.com/wp-content/uploads/2019/09/fall-girls.jpg]
[nkiri.com/wp-content/uploads/2019/09/gangster-squad.jpg]
[nkiri.com/wp-content/uploads/2019/09/life.jpg]
[nkiri.com/wp-content/uploads/2019/09/that-awkward-moment.jpg]
[nkiri.com/wp-content/uploads/2019/09/can-you-keep-a-secret.jpg]
[nkiri.com/wp-content/uploads/2019/09/last-vegas.jpg]
[nkiri.com/wp-content/uploads/2019/09/point-blank.jpg]
[nkiri.com/wp-content/uploads/2019/09/night-hunter.jpg]
[nkiri.com/wp-content/uploads/2019/09/toy-story-4.jpg]
[nkiri.com/wp-content/uploads/2019/09/witnesses.jpg]
[nkiri.com/wp-content/uploads/2019/09/animator.jpg]
[nkiri.com/wp-content/uploads/2019/09/tall-girl-1.jpg]
[nkiri.com/wp-content/uploads/2019/09/the-dead-dont-die.jpg]
[nkiri.com/wp-content/uploads/2019/09/fanatic.jpg]
[nkiri.com/wp-content/uploads/2019/09/current-wars.jpg]
[nkiri.com/wp-content/uploads/2019/09/the-death-and-life.jpg]
[nkiri.com/wp-content/uploads/2019/09/survuval-box.jpg]
[nkiri.com/wp-content/uploads/2019/09/uri.jpg]
[nkiri.com/wp-content/uploads/2019/09/spiderman-far-from-home2.jpg]
[nkiri.com/wp-content/uploads/2019/09/paradise-hills.jpg]
[nkiri.com/wp-content/uploads/2019/09/mother-of-g.jpg]
[nkiri.com/wp-content/uploads/2019/09/angel-of-mine.jpg]
[nkiri.com/wp-content/uploads/2019/09/wish-man.jpg]
[nkiri.com/wp-content/uploads/2019/09/childs-play.jpg]
[nkiri.com/wp-content/uploads/2019/09/yesterday.jpg]
[nkiri.com/wp-content/uploads/2019/08/fallinginlove-e1567152030594.jpg]
[nkiri.com/wp-content/uploads/2019/09/spider-in-the-web.jpg]
[nkiri.com/category/international/page/85/index.html]
[nkiri.com/wp-content/plugins/google-analytics-for-wordpress/assets/js/frontend-gtag73cf.js]
[nkiri.com/category/international/page/82/index.html]
[nkiri.com/wp-content/plugins/google-analytics-for-wordpress/assets/js/frontend-gtagd076.js]
[nkiri.com/wp-content/uploads/2020/01/last-christmas-movie.jpg]
[nkiri.com/wp-content/uploads/2020/01/frozen-2-poster-two.jpg]
[nkiri.com/wp-content/uploads/2019/12/maleficient-2.jpg]
[nkiri.com/wp-content/uploads/2019/12/the-lighthouse.jpg]
[nkiri.com/wp-content/uploads/2019/12/the-addams-family-movie.jpg]
[nkiri.com/wp-content/uploads/2019/12/jexi.jpg]
[nkiri.com/wp-content/uploads/2019/12/a-beautiful-day-in-the-neigbourhood.jpg]
[nkiri.com/wp-content/uploads/2019/12/doctor-sleep-movie.jpg]
[nkiri.com/wp-content/uploads/2019/12/Judy.jpg]
[nkiri.com/wp-content/uploads/2019/12/the-aeronauts.jpg]
[nkiri.com/wp-content/uploads/2019/12/zombieland.jpg]
[nkiri.com/wp-content/uploads/2019/12/a-kid-like-jake.jpg]
[nkiri.com/wp-content/uploads/2019/12/ad-astra.jpg]
[nkiri.com/wp-content/uploads/2019/11/hustlers-hollywood.jpg]
[nkiri.com/wp-content/uploads/2019/11/ready-or-not.jpg]
[nkiri.com/wp-content/uploads/2019/11/rambo-last-blood.jpg]
[nkiri.com/wp-content/uploads/2019/11/once-upon-a-time-in-hollywood.jpg]
[nkiri.com/wp-content/uploads/2019/11/farming-movie.jpg]
[nkiri.com/wp-content/uploads/2019/11/gemini-man.jpg]
[nkiri.com/wp-content/uploads/2019/11/angel-has-fallen.jpg]
[nkiri.com/wp-content/uploads/2019/11/let-it-snow.jpg]
[nkiri.com/wp-content/uploads/2019/11/missing-link.jpg]
[nkiri.com/wp-content/uploads/2019/11/Dora-and-the-lost-city-of-gold.jpg]
[nkiri.com/wp-content/uploads/2019/11/booksmart-movie.jpg]
[nkiri.com/wp-content/uploads/2019/11/Joker-movie.jpg]
[nkiri.com/wp-content/uploads/2019/10/good-boys-movie.jpg]
[nkiri.com/wp-content/uploads/2019/10/scary-stories-to-tell-in-the-dark.jpg]
[nkiri.com/wp-content/uploads/2019/10/five-feet-apart.jpg]
[nkiri.com/wp-content/uploads/2019/10/eli.jpg]
[nkiri.com/wp-content/uploads/2019/10/Awake.jpg]
[nkiri.com/category/international/page/83/index.html]
[nkiri.com/category/international/page/81/index.html]
[nkiri.com/category/international/page/80/index.html]
[nkiri.com/wp-content/plugins/google-analytics-for-wordpress/assets/js/frontend-gtag565f.js]
[nkiri.com/wp-content/uploads/2019/10/the-female-brain.jpg]
[nkiri.com/wp-content/uploads/2019/10/if-i-stay.jpg]
[nkiri.com/wp-content/uploads/2019/10/driven.jpg]
[nkiri.com/wp-content/uploads/2019/10/angry-birds-2.jpg]
[nkiri.com/wp-content/uploads/2019/10/fractured.jpg]
[nkiri.com/wp-content/uploads/2019/10/lion-king.jpg]
[nkiri.com/wp-content/uploads/2019/10/bloodline.jpg]
[nkiri.com/wp-content/uploads/2019/10/the-wedding-year.jpg]
[nkiri.com/wp-content/uploads/2019/10/in-the-tall-grass.jpg]
[nkiri.com/wp-content/uploads/2019/10/running-with-the-devil-movie-poster.jpg]
[nkiri.com/wp-content/uploads/2019/10/Stuber.jpg]
[nkiri.com/wp-content/uploads/2019/09/trevor-noah-afraid-f-the-dark.jpg]
[nkiri.com/wp-content/uploads/2019/09/the-perfection.jpg]
[nkiri.com/wp-content/uploads/2019/09/in-the-shadow-of-the-moon.jpg]
[nkiri.com/wp-content/uploads/2019/09/mary-magdalene.jpg]
[nkiri.com/wp-content/uploads/2019/09/mom.jpg]
[nkiri.com/wp-content/uploads/2019/09/the-wolf-hour.jpg]
[nkiri.com/wp-content/uploads/2019/09/the-man-ffrom-uncle.jpg]
[nkiri.com/wp-content/uploads/2019/09/murder-mystery.jpg]
[nkiri.com/wp-content/uploads/2019/09/teen-titans-go-vs-teen-titans.jpg]
[nkiri.com/wp-content/uploads/2019/09/triple-frontier.jpg]
[nkiri.com/wp-content/uploads/2019/09/crawl.jpg]
[nkiri.com/wp-content/uploads/2019/09/before-i-wake2.jpg]
[nkiri.com/wp-content/uploads/2019/09/midsommar.jpg]
[nkiri.com/wp-content/uploads/2019/09/hustle.jpg]
[nkiri.com/wp-content/uploads/2019/09/peppermint.jpg]
[nkiri.com/wp-content/uploads/2019/09/godzilla-king-of-monsters.jpg]
[nkiri.com/wp-content/uploads/2019/09/searching-for-neverland.jpg]
[nkiri.com/wp-content/uploads/2019/09/between-two-ferns.jpg]
[nkiri.com/wp-content/uploads/2019/09/acrimony.jpg]
[nkiri.com/category/international/page/84/index.html]
[nkiri.com/category/international/classApplyDescriptorGet.html]
[nkiri.com/category/international/classExtractFieldDescriptor.html]
[nkiri.com/category/international/classApplyDescriptorSet.html]
[nkiri.com/category/international/setPrototypeOf.html]
[nkiri.com/category/international/assertThisInitialized.html]
[nkiri.com/category/international/e.html]
[nkiri.com/wp-content/plugins/google-analytics-for-wordpress/assets/js/frontend-gtag2cef.js]
[nkiri.com/wp-content/plugins/google-analytics-for-wordpress/assets/js/frontend-gtag44d1.js]
[nkiri.com/wp-content/uploads/2024/05/the-listener-hollywood-movie.jpg]
[nkiri.com/wp-content/uploads/2024/05/my-oni-girl-japanese-movie.jpg]
[nkiri.com/wp-content/uploads/2024/05/atlas-hollywood-movie.jpg]
[nkiri.com/wp-content/uploads/2024/05/the-end-of-obesity-hollywood-movie.jpg]
[nkiri.com/wp-content/uploads/2024/05/civil-war-hollywood-movie.jpg]
[nkiri.com/wp-content/uploads/2024/05/reunion-hollywood-movie.jpg]
[nkiri.com/wp-content/uploads/2024/05/stress-positions-hollywood-movie.jpg]
[nkiri.com/wp-content/uploads/2024/05/boy-kills-world-hollywood-movie.jpg]
[nkiri.com/wp-content/uploads/2024/05/the-fall-guy-hollywood-movie.jpg]
[nkiri.com/wp-content/uploads/2024/05/seize-them-hollywood-movie.jpg]
[nkiri.com/wp-content/uploads/2024/05/faceless-after-dark-hollywood-movie.jpg]
[nkiri.com/wp-content/uploads/2024/05/end-of-the-rope-hollywood-movie.jpg]
[nkiri.com/wp-content/uploads/2024/05/thelma-the-unicorn-hollywood-movie.jpg]
[nkiri.com/wp-content/uploads/2024/05/you-cant-run-forever-hollywood-movie.jpg]
[nkiri.com/wp-content/uploads/2024/05/mothers-instinct-hollywood-movie.jpg]
[nkiri.com/wp-content/uploads/2024/05/challengers-hollywood-movie.jpg]
[nkiri.com/wp-content/uploads/2024/05/darkness-of-man-hollywood-movie.jpg]
[nkiri.com/wp-content/uploads/2024/05/jade-hollywood-movie.jpg]
[nkiri.com/wp-content/uploads/2024/05/tears-of-the-sun-hollywood-movie.jpg]
[nkiri.com/wp-content/uploads/2024/05/sting-hollywood-movie.jpg]
[nkiri.com/wp-content/uploads/2024/05/irenas-vow-hollywood-movie.jpg]
[nkiri.com/wp-content/uploads/2024/05/sasquatch-sunset-hollywood-movie.jpg]
[nkiri.com/wp-content/uploads/2024/05/chasing-raine-hollywood-movie.jpg]
[nkiri.com/wp-content/uploads/2024/05/godzilla-x-kong-hollywood-movie.jpg]
[nkiri.com/wp-content/uploads/2024/05/the-hunger-games-hollywood-movie.jpg]
[nkiri.com/wp-content/uploads/2024/05/lazareth-hollywood-movie.jpg]
[nkiri.com/wp-content/uploads/2024/05/the-last-stop-in-yuma-county-hollywood-movie.jpg]
[nkiri.com/wp-content/uploads/2024/05/foil-hollywood-movie.jpg]
[nkiri.com/wp-content/uploads/2024/05/the-image-of-you-hollywood-movie.jpg]
[nkiri.com/wp-content/uploads/2024/05/the-ministry-of-ungentlemanly-wardare-hollywood-movie.jpg]
[nkiri.com/category/international/page/8/index.html]
[nkiri.com/wp-content/plugins/google-analytics-for-wordpress/assets/js/frontend-gtag396d.js]
[nkiri.com/category/international/page/11/index.html]
[nkiri.com/wp-content/plugins/google-analytics-for-wordpress/assets/js/frontend-gtag8fa9.js]
[nkiri.com/wp-content/uploads/2024/05/mother-of-the-bride-hollywood-movie.jpg]
[nkiri.com/wp-content/uploads/2024/05/founders-day-hollywood-movie.jpg]
[nkiri.com/wp-content/uploads/2024/05/abigal-hollywood-movie.jpg]
[nkiri.com/wp-content/uploads/2024/05/ghostbusters-frozen-empire-hollywood-movie.jpg]
[nkiri.com/wp-content/uploads/2024/05/BACKLASH-WWE.jpg]
[nkiri.com/wp-content/uploads/2024/05/ordianry-angels-hollywood-mvie.jpg]
[nkiri.com/wp-content/uploads/2024/05/the-moon-and-back-hollywood-movie.jpg]
[nkiri.com/wp-content/uploads/2024/05/unfrosted-hollywood-movie.jpg]
[nkiri.com/wp-content/uploads/2024/05/new-life-hollywood-movie.jpg]
[nkiri.com/wp-content/uploads/2024/05/something-in-the-water-hollywood-movie.jpg]
[nkiri.com/wp-content/uploads/2024/05/chief-of-station-hollywood-movie.jpg]
[nkiri.com/wp-content/uploads/2024/05/prom-dates-hollywood-movie.jpg]
[nkiri.com/wp-content/uploads/2024/05/turtles-all-the-wau-down-hollywood-movie.jpg]
[nkiri.com/wp-content/uploads/2024/05/the-idea-of-you-hollywood-movie.jpg]
[nkiri.com/wp-content/uploads/2024/05/arcadian-hollywood-movie.jpg]
[nkiri.com/wp-content/uploads/2024/04/branching-out-hollywood-movi.jpg]
[nkiri.com/wp-content/uploads/2024/04/the-long-game-hollywood-movie.jpg]
[nkiri.com/wp-content/uploads/2024/04/cabrini-hollywood-movie.jpg]
[nkiri.com/wp-content/uploads/2024/04/cash-out-hollywood-movie.jpg]
[nkiri.com/wp-content/uploads/2024/04/humane-hollywood-movie.jpg]
[nkiri.com/wp-content/uploads/2024/04/love-lies-bleeding-hollywood-movie.jpg]
[nkiri.com/wp-content/uploads/2024/04/nappy-every-after-hollywood-movie.jpg]
[nkiri.com/wp-content/uploads/2024/04/justice-league-crisis-on-infinite-earths-hollywood-movie.jpg]
[nkiri.com/wp-content/uploads/2024/04/arthur-the-king-hollywood-movie.jpg]
[nkiri.com/wp-content/uploads/2024/04/downtown-owl-hollywood-movie.jpg]
[nkiri.com/wp-content/uploads/2024/04/monkey-man-hollywood-movie.jpg]
[nkiri.com/wp-content/uploads/2024/04/rebel-moon-hollywood-movie.jpg]
[nkiri.com/wp-content/uploads/2024/04/problemista-hollywood-movie.jpg]
[nkiri.com/wp-content/uploads/2024/04/blood-for-dust-hollywood-movie.jpg]
[nkiri.com/wp-content/uploads/2024/04/asphalt-city-hollywood-movie.jpg]
[nkiri.com/category/international/page/9/index.html]
[nkiri.com/wp-content/plugins/google-analytics-for-wordpress/assets/js/frontend-gtag1c84.js]
[nkiri.com/category/international/page/12/index.html]
[nkiri.com/wp-content/plugins/google-analytics-for-wordpress/assets/js/frontend-gtag0893.js]
[nkiri.com/wp-content/uploads/2024/04/late-night-with-the-devil-hollywood-movie.jpg]
[nkiri.com/wp-content/uploads/2024/04/sweet-dreams-hollywood-movie.jpg]
[nkiri.com/wp-content/uploads/2024/04/immaculate-hollywood-movie.jpg]
[nkiri.com/wp-content/uploads/2024/04/laroy-texas-hollywood-movie.jpg]
[nkiri.com/wp-content/uploads/2024/04/woody-woodpecker-goes-to-camp-hollywood-movie.jpg]
[nkiri.com/wp-content/uploads/2024/04/parachute-hollywood-movie.jpg]
[nkiri.com/wp-content/uploads/2024/04/a-model-murder-hollywood-movie.jpg]
[nkiri.com/wp-content/uploads/2024/04/the-greatest-hits-hollywood-movie.jpg]
[nkiri.com/wp-content/uploads/2024/04/damaged-hollywood-movie.jpg]
[nkiri.com/wp-content/uploads/2024/04/sleeping-dogs-hollywood-movie.jpg]
[nkiri.com/wp-content/uploads/2024/04/kung-fu-panda-4-hollywood-movie.jpg]
[nkiri.com/wp-content/uploads/2024/04/wicked-little-letters-holywood-movie.jpg]
[nkiri.com/wp-content/uploads/2024/04/monster-mash-hollywood-movie.jpg]
[nkiri.com/wp-content/uploads/2024/04/wrestmania-xl-wrestling.jpg]
[nkiri.com/wp-content/uploads/2024/04/seagrass-hollywood-movie.jpg]
[nkiri.com/wp-content/uploads/2024/04/dune-part-2-hollywood-movie.jpg]
[nkiri.com/wp-content/uploads/2024/04/scoop-hollywood-movie.jpg]
[nkiri.com/wp-content/uploads/2024/04/knoc-goes-away-hollywood-movie.jpg]
[nkiri.com/wp-content/uploads/2024/04/how-to-date-billy-walsh-hollywood-movie.jpg]
[nkiri.com/wp-content/uploads/2024/04/badhead-hollywood-movie.jpg]
[nkiri.com/wp-content/uploads/2024/04/musica-hollywood-movie.jpg]
[nkiri.com/wp-content/uploads/2024/04/suze-hollywood-movie.jpg]
[nkiri.com/wp-content/uploads/2024/04/the-american-society-og-magical-negros-hollywood-movie.jpg]
[nkiri.com/wp-content/uploads/2024/04/snack-shack-hollywood-movie.jpg]
[nkiri.com/wp-content/uploads/2024/04/the-wolverine-hollywood-movie.jpg]
[nkiri.com/wp-content/uploads/2024/03/heart-of-the-hunter-movie.jpg]
[nkiri.com/wp-content/uploads/2024/03/silver-haze-hollywood-movie.jpg]
[nkiri.com/wp-content/uploads/2024/03/lousy-carter-hollywood-movie.jpg]
[nkiri.com/wp-content/uploads/2024/03/uproar-hollywood-movie.jpg]
[nkiri.com/wp-content/uploads/2024/03/drift-hollywood-movie.jpg]
[nkiri.com/category/international/page/10/index.html]
[nkiri.com/wp-content/plugins/google-analytics-for-wordpress/assets/js/frontend-gtag4d42.js]
[nkiri.com/category/international/page/13/index.html]
[nkiri.com/wp-content/plugins/google-analytics-for-wordpress/assets/js/frontend-gtag0870.js]
[nkiri.com/wp-content/uploads/2020/04/playing-with-fire-movie.jpg]
[nkiri.com/wp-content/uploads/2020/04/parasite-korean-movie-film.jpg]
[nkiri.com/wp-content/uploads/2020/03/bloodshot-movie.jpg]
[nkiri.com/wp-content/uploads/2020/04/chhichhore.jpg]
[nkiri.com/wp-content/uploads/2020/04/hello-love-good-byr.jpg]
[nkiri.com/wp-content/uploads/2020/04/the-willoughbys.jpg]
[nkiri.com/wp-content/uploads/2020/04/extraction-movie.jpg]
[nkiri.com/wp-content/uploads/2020/04/deception-of-the-novelist.jpg]
[nkiri.com/wp-content/uploads/2020/04/miracle-in-cell-no-7.jpg]
[nkiri.com/wp-content/uploads/2020/04/best-of-enemies-movie.jpg]
[nkiri.com/wp-content/uploads/2020/04/mortal-kombat.jpg]
[nkiri.com/wp-content/uploads/2020/04/ordinary-love.jpg]
[nkiri.com/wp-content/uploads/2020/04/like-a-boss.jpg]
[nkiri.com/wp-content/uploads/2020/04/my-spy.jpg]
[nkiri.com/wp-content/uploads/2020/03/Star-wars.jpg]
[nkiri.com/wp-content/uploads/2020/03/spencer-confidential.jpg]
[nkiri.com/wp-content/uploads/2020/03/birds-of-prey.jpg]
[nkiri.com/wp-content/uploads/2020/03/spies-in-disguise.jpg]
[nkiri.com/wp-content/uploads/2020/02/color-of-space.jpg]
[nkiri.com/wp-content/uploads/2020/02/8.jpg]
[nkiri.com/wp-content/uploads/2020/02/the-dawn.jpg]
[nkiri.com/wp-content/uploads/2020/02/a-fall-from-grace.jpg]
[nkiri.com/wp-content/uploads/2020/02/jumanji.jpg]
[nkiri.com/wp-content/uploads/2020/02/dolittle.jpg]
[nkiri.com/wp-content/uploads/2020/02/21-bridges.jpg]
[nkiri.com/wp-content/uploads/2020/01/pain-and-glory.jpg]
[nkiri.com/wp-content/uploads/2020/01/motherless-brookyln.jpg]
[nkiri.com/wp-content/uploads/2020/01/ford-vs-ferrari.jpg]
[nkiri.com/wp-content/uploads/2020/01/terminator-dark-fate.jpg]
[nkiri.com/wp-content/uploads/2020/01/black-and-blue-movie.jpg]
[nkiri.com/category/international/page/82/index.html]
[nkiri.com/wp-content/plugins/google-analytics-for-wordpress/assets/js/frontend-gtagd076.js]
[nkiri.com/category/international/page/79/index.html]
[nkiri.com/wp-content/plugins/google-analytics-for-wordpress/assets/js/frontend-gtagb73c.js]
[nkiri.com/wp-content/uploads/2020/06/man-of-tai-chi.jpg]
[nkiri.com/wp-content/uploads/2020/06/a-star-is-born-hollywood-movie.jpg]
[nkiri.com/wp-content/uploads/2020/06/the-hate-you-give.jpg]
[nkiri.com/wp-content/uploads/2020/06/the-last-days-of-american-crime.jpg]
[nkiri.com/wp-content/uploads/2020/06/the-vast-of-the-night.jpg]
[nkiri.com/wp-content/uploads/2020/06/creed-2.jpg]
[nkiri.com/wp-content/uploads/2020/06/the-fate-of-the-furious.jpg]
[nkiri.com/wp-content/uploads/2020/06/curious-case-of-benjamin-button.jpg]
[nkiri.com/wp-content/uploads/2020/06/midway-hollywood-movie.jpg]
[nkiri.com/wp-content/uploads/2020/06/the-hunt.jpg]
[nkiri.com/wp-content/uploads/2020/06/your-name-japanese-movie.jpg]
[nkiri.com/wp-content/uploads/2020/06/the-big-sick.jpg]
[nkiri.com/wp-content/uploads/2020/06/cold-pursuit-hollywood-movie.jpg]
[nkiri.com/wp-content/uploads/2020/06/the-high-note.jpg]
[nkiri.com/wp-content/uploads/2020/06/the-godfather-part-2.jpg]
[nkiri.com/wp-content/uploads/2020/06/the-intern.jpg]
[nkiri.com/wp-content/uploads/2020/06/the-godfather-1972.jpg]
[nkiri.com/wp-content/uploads/2020/05/mulan-hollywood-movie.jpg]
[nkiri.com/wp-content/uploads/2020/05/the-age-of-adaline-movie.jpg]
[nkiri.com/wp-content/uploads/2020/05/the-irishman.jpg]
[nkiri.com/wp-content/uploads/2020/05/survuve-the-night-hollywood-movie.jpg]
[nkiri.com/wp-content/uploads/2020/05/set-it-up-hollwood-movie.jpg]
[nkiri.com/wp-content/uploads/2020/05/greed-hollywood-movie.jpg]
[nkiri.com/wp-content/uploads/2020/05/inheritance-hollywood-movie.jpg]
[nkiri.com/wp-content/uploads/2020/05/crazy-rich-asians.jpg]
[nkiri.com/wp-content/uploads/2020/05/long-shot-hollywood-movie.jpg]
[nkiri.com/wp-content/uploads/2020/05/the-lovebirds-hollywood-movie.jpg]
[nkiri.com/wp-content/uploads/2020/05/batman-hush.jpg]
[nkiri.com/wp-content/uploads/2020/05/Money_Monster_poster.png]
[nkiri.com/wp-content/uploads/2020/05/the-last-summer-hollywood-movie.jpg]
[nkiri.com/category/international/page/80/index.html]
[nkiri.com/category/international/page/77/index.html]
[nkiri.com/wp-content/plugins/google-analytics-for-wordpress/assets/js/frontend-gtag3c94.js]
[nkiri.com/category/international/page/78/index.html]
[nkiri.com/wp-content/uploads/2020/05/i-still-believe-hollywood-movie.jpg]
[nkiri.com/wp-content/uploads/2020/05/body-cam-hollywood-movie.jpg]
[nkiri.com/wp-content/uploads/2020/05/little-women-movie.jpg]
[nkiri.com/wp-content/uploads/2020/05/scoob-movie.jpg]
[nkiri.com/wp-content/uploads/2020/05/the-wrong-missy.jpg]
[nkiri.com/wp-content/uploads/2020/03/the-way-back.jpg]
[nkiri.com/wp-content/uploads/2020/03/the-invisible-man.jpg]
[nkiri.com/wp-content/uploads/2020/05/the-last-thing-he-wanted.jpg]
[nkiri.com/wp-content/uploads/2020/05/dear-zindagi-bollywood-movie.jpg]
[nkiri.com/wp-content/uploads/2020/05/pokemon-detective-pikachu.jpg]
[nkiri.com/wp-content/uploads/2020/05/the-hows-of-us.jpg]
[nkiri.com/wp-content/uploads/2020/05/the-assistant-movie.jpg]
[nkiri.com/wp-content/uploads/2020/05/underwater-hollywood-movie.jpg]
[nkiri.com/wp-content/uploads/2020/05/Hotel-Mumbai-bollywood-movie.jpg]
[nkiri.com/wp-content/uploads/2020/03/the-banker.jpg]
[nkiri.com/wp-content/uploads/2020/03/bad-boys-for-life.jpg]
[nkiri.com/wp-content/uploads/2020/03/onwards.jpg]
[nkiri.com/wp-content/uploads/2020/05/justice-league-dark-apokolips-war.jpg]
[nkiri.com/wp-content/uploads/2020/05/hunter-killer.jpg]
[nkiri.com/wp-content/uploads/2020/05/the-russian-sleep-eperiment.jpg]
[nkiri.com/wp-content/uploads/2020/05/overcomer-hollywood-movie.jpg]
[nkiri.com/wp-content/uploads/2020/05/breakthrough-movie.jpg]
[nkiri.com/wp-content/uploads/2020/05/Z-movie.jpg]
[nkiri.com/wp-content/uploads/2020/05/dangerous-lies.jpg]
[nkiri.com/wp-content/uploads/2020/05/bad-education.jpg]
[nkiri.com/wp-content/uploads/2020/05/the-photgraph.jpg]
[nkiri.com/wp-content/uploads/2020/05/shazam-dc-lego-magic-and-monster.jpg]
[nkiri.com/wp-content/uploads/2020/05/coffee-and-kareem.jpg]
[nkiri.com/wp-content/uploads/2020/04/train-to-busan-korean-movie.jpg]
[nkiri.com/wp-content/uploads/2020/04/charlies-angel-movie.jpg]
[nkiri.com/category/international/page/81/index.html]
[nkiri.com/wp-content/plugins/google-analytics-for-wordpress/assets/js/frontend-gtag565f.js]
[nkiri.com/wp-content/plugins/google-analytics-for-wordpress/assets/js/frontend-gtag44d1.js]
[nkiri.com/wp-content/plugins/google-analytics-for-wordpress/assets/js/frontend-gtag5fb2.js]
[nkiri.com/wp-content/uploads/2024/03/imaginary-hollywood-movie.jpg]
[nkiri.com/wp-content/uploads/2024/03/the-casagrandes-movie-hollywood-movie.jpg]
[nkiri.com/wp-content/uploads/2024/03/youll-never-find-me-hollywood-movie.jpg]
[nkiri.com/wp-content/uploads/2024/03/shirley-hollywood-movie.jpg]
[nkiri.com/wp-content/uploads/2024/03/road-house-hollywood-movie.jpg]
[nkiri.com/wp-content/uploads/2024/03/unexpected-hollywood-movie.jpg]
[nkiri.com/wp-content/uploads/2024/03/bob-marley-one-love-hollywood-movie.jpg]
[nkiri.com/wp-content/uploads/2024/03/irish-wish-hollywood-movie.jpg]
[nkiri.com/wp-content/uploads/2024/03/stopmotion-hollywood-movie.jpg]
[nkiri.com/wp-content/uploads/2024/03/madame-web-hollywood-movie.jpg]
[nkiri.com/wp-content/uploads/2024/03/the-first-slam-dunk-hollywood-movie.jpg]
[nkiri.com/wp-content/uploads/2024/03/they-shot-the-piano-player-hollywood-movie.jpg]
[nkiri.com/wp-content/uploads/2024/03/jonah-hollywood-movie.jpg]
[nkiri.com/wp-content/uploads/2024/03/little-wing-hollywood-movie.jpg]
[nkiri.com/wp-content/uploads/2024/03/the-woods-are-real-hollywood-movie.jpg]
[nkiri.com/wp-content/uploads/2024/03/origin-hollywood-movie.jpg]
[nkiri.com/wp-content/uploads/2024/03/sometimes-i-think-about-dying-hollywood-movie.jpg]
[nkiri.com/wp-content/uploads/2024/03/drive-way-dolls-hollywood-movie.jpg]
[nkiri.com/wp-content/uploads/2024/03/the-momentus-men-hollywood-movie.jpg]
[nkiri.com/wp-content/uploads/2024/03/weak-layers-hollywood-movie.jpg]
[nkiri.com/wp-content/uploads/2024/03/the-thundermans-return-hollywood-movie.jpg]
[nkiri.com/wp-content/uploads/2024/03/american-dreamer-hollywood-movie.jpg]
[nkiri.com/wp-content/uploads/2024/03/drugstore-june-hollywood-movie.jpg]
[nkiri.com/wp-content/uploads/2024/03/5lbs-of-pressure-hollywood-movie.jpg]
[nkiri.com/wp-content/uploads/2024/03/first-time-female-director-hollywood-movie.jpg]
[nkiri.com/wp-content/uploads/2024/03/damsel-hollywood-movie.jpg]
[nkiri.com/wp-content/uploads/2024/03/ricky-stanicky-hollywood-movie.jpg]
[nkiri.com/wp-content/uploads/2024/03/battle-over-britain-hollywood-movie.jpg]
[nkiri.com/wp-content/uploads/2024/03/argyvlle-hollywood-movie.jpg]
[nkiri.com/category/international/page/11/index.html]
[nkiri.com/wp-content/plugins/google-analytics-for-wordpress/assets/js/frontend-gtag8fa9.js]
[nkiri.com/category/international/page/14/index.html]
[nkiri.com/wp-content/plugins/google-analytics-for-wordpress/assets/js/frontend-gtag5a68.js]
[nkiri.com/wp-content/uploads/2024/03/the-late-game-hollywood-movie.jpg]
[nkiri.com/wp-content/uploads/2024/03/CODE-8-HOLLYWOOD-MOVIE-1.jpg]
[nkiri.com/wp-content/uploads/2024/03/spacean-hollywood-movie.jpg]
[nkiri.com/wp-content/uploads/2024/03/megamind-vs-the-doom-syndicate-hollywood-movie.jpg]
[nkiri.com/wp-content/uploads/2024/03/nothern-comfort-comfort-hollywood-mvoie.jpg]
[nkiri.com/wp-content/uploads/2024/03/scrambled-hollywood-movie.jpg]
[nkiri.com/wp-content/uploads/2024/02/parallel-hollywood-movie.jpg]
[nkiri.com/wp-content/uploads/2024/02/code-8-hollywood-movie.jpg]
[nkiri.com/wp-content/uploads/2024/02/Lisa-Frankenstein-Download-Hollywood-Movie.jpg]
[nkiri.com/wp-content/uploads/2024/02/cold-copy-hollywood-movie.jpg]
[nkiri.com/wp-content/uploads/2024/02/poor-things-hollywood-movie.jpg]
[nkiri.com/wp-content/uploads/2024/02/lovely-dark-and-deep-hollywood-movie.jpg]
[nkiri.com/wp-content/uploads/2024/02/history-of-evil-hollywood-movie.jpg]
[nkiri.com/wp-content/uploads/2024/02/mea-culpa-hollywood-movie.jpg]
[nkiri.com/wp-content/uploads/2024/02/wwe-elimination-chamber-wrestling.jpg]
[nkiri.com/wp-content/uploads/2024/02/all-of-us-strangers-hollywood-movie.jpg]
[nkiri.com/wp-content/uploads/2024/02/the-zone-of-interest-hollywood-movie.jpg]
[nkiri.com/wp-content/uploads/2024/02/red-right-hand-hollywood-movie.jpg]
[nkiri.com/wp-content/uploads/2024/02/earworm-hollywood-movie.jpg]
[nkiri.com/wp-content/uploads/2024/02/freuds-last-session-hollywood-movie.jpg]
[nkiri.com/wp-content/uploads/2024/02/memory-hollywood-movie.jpg]
[nkiri.com/wp-content/uploads/2024/02/mean-girls-hollywood-movie.jpg]
[nkiri.com/wp-content/uploads/2024/02/one-life-hollywood-movie.jpg]
[nkiri.com/wp-content/uploads/2024/02/lights-out-hollywood-movie.jpg]
[nkiri.com/wp-content/uploads/2024/02/bleeding-love-hollywood-movie.jpg]
[nkiri.com/wp-content/uploads/2024/02/players-hollywood-movie.jpg]
[nkiri.com/wp-content/uploads/2024/02/land-of-bad-hollywood-movie.jpg]
[nkiri.com/wp-content/uploads/2024/02/millers-girl-hollywood-movie.jpg]
[nkiri.com/wp-content/uploads/2024/02/strange-way-of-life-hollywood-movie.jpg]
[nkiri.com/wp-content/uploads/2024/02/beautiful-wedding-hollywood-movie.jpg]
[nkiri.com/category/international/page/12/index.html]
[nkiri.com/wp-content/plugins/google-analytics-for-wordpress/assets/js/frontend-gtag0893.js]
[nkiri.com/wp-content/plugins/google-analytics-for-wordpress/assets/js/frontend-gtag1fbc.js]
[nkiri.com/category/international/page/15/index.html]
[nkiri.com/wp-content/uploads/2024/02/image_2024-02-13_073857016.png]
[nkiri.com/wp-content/uploads/2024/02/image_2024-02-13_065935682.png]
[nkiri.com/wp-content/uploads/2024/02/image_2024-02-13_072558017.png]
[nkiri.com/wp-content/uploads/2024/02/tales-of-babylon-hollywood-movie.jpg]
[nkiri.com/wp-content/uploads/2024/02/marmalade-hollywood-movie.jpg]
[nkiri.com/wp-content/uploads/2024/02/skeletons-in-the-closet-hollywood-movie.jpg]
[nkiri.com/wp-content/uploads/2024/02/float-hollywood-movie.jpg]
[nkiri.com/wp-content/uploads/2024/02/girl-with-a-bullet-hollywood-movie.jpg]
[nkiri.com/wp-content/uploads/2024/02/suncoast-hollywood-movie.jpg]
[nkiri.com/wp-content/uploads/2024/02/upgraded-hollywood-movie.jpg]
[nkiri.com/wp-content/uploads/2024/02/anyone-but-you-hollywood-movie.jpg]
[nkiri.com/wp-content/uploads/2024/02/cult-killer-hollywood-movie.jpg]
[nkiri.com/wp-content/uploads/2024/02/american-fiction-hollywood-movie.jpg]
[nkiri.com/wp-content/uploads/2024/02/the-end-we-start-from-hollywood-movie.jpg]
[nkiri.com/wp-content/uploads/2024/02/the-book-of-clarence-hollyeood-movie.jpg]
[nkiri.com/wp-content/uploads/2024/02/i.s.s-hollywood-movie.jpg]
[nkiri.com/wp-content/uploads/2024/02/wwe-nxt.jpg]
[nkiri.com/wp-content/uploads/2024/02/bosco-hollywood-movie.jpg]
[nkiri.com/wp-content/uploads/2024/02/orion-and-the-dark-hollywood-movie.jpg]
[nkiri.com/wp-content/uploads/2024/02/which-brings-me-to-you-hollywood-movie.jpg]
[nkiri.com/wp-content/uploads/2024/02/the-tigers-apprentice-hollywood-movie.jpg]
[nkiri.com/wp-content/uploads/2024/02/story-ave-hollywood-movie.jpg]
[nkiri.com/wp-content/uploads/2024/01/the-beekeeper-hollywood-movie.jpg]
[nkiri.com/wp-content/uploads/2024/01/royal-rumble-hollywood-movie.jpg]
[nkiri.com/wp-content/uploads/2024/01/the-underdoggs-hollywood-movie.jpg]
[nkiri.com/wp-content/uploads/2024/01/american-star-hollywood-movie.jpg]
[nkiri.com/wp-content/uploads/2024/01/dying-in-plain-sight-hollywood-movie.jpg]
[nkiri.com/wp-content/uploads/2024/01/dogman-hollywood-movie.jpg]
[nkiri.com/wp-content/uploads/2024/01/night-swim-hollywood-movie.jpg]
[nkiri.com/wp-content/uploads/2024/01/wish-hollywood-movie.jpg]
[nkiri.com/category/international/page/13/index.html]
[nkiri.com/wp-content/plugins/google-analytics-for-wordpress/assets/js/frontend-gtag0870.js]
[nkiri.com/wp-content/plugins/google-analytics-for-wordpress/assets/js/frontend-gtagff3a.js]
[nkiri.com/category/international/page/16/index.html]
[nkiri.com/wp-content/uploads/2020/06/CREED-MOVIE.jpg]
[nkiri.com/wp-content/uploads/2020/06/thr-nun-movie.jpg]
[nkiri.com/wp-content/uploads/2020/06/Fault-in-our-stars.jpg]
[nkiri.com/wp-content/uploads/2020/06/ouija-2-oriigin-of-evil.jpg]
[nkiri.com/wp-content/uploads/2020/06/silver-lining-playbook.jpg]
[nkiri.com/wp-content/uploads/2020/06/feel-the-beat.jpg]
[nkiri.com/wp-content/uploads/2020/06/gabriels-inferno-movie.jpg]
[nkiri.com/wp-content/uploads/2020/06/cheeky-movie.jpg]
[nkiri.com/wp-content/uploads/2020/06/high-life-hollywood-movie.jpg]
[nkiri.com/wp-content/uploads/2020/06/fences-hollywood-movie.jpg]
[nkiri.com/wp-content/uploads/2020/06/me-before-you-hollywood-movie.jpg]
[nkiri.com/wp-content/uploads/2020/06/avengement-movie.jpg]
[nkiri.com/wp-content/uploads/2020/06/a-walk-to-remember-movie.jpg]
[nkiri.com/wp-content/uploads/2020/06/the-godfather-1990.jpg]
[nkiri.com/wp-content/uploads/2020/06/the-shack-hollywood-movie.jpg]
[nkiri.com/wp-content/uploads/2020/06/mulan-II.jpg]
[nkiri.com/wp-content/uploads/2020/06/about-time.jpg]
[nkiri.com/wp-content/uploads/2020/06/mowgli.jpg]
[nkiri.com/wp-content/uploads/2020/06/we-bare-bears-the-movie.jpg]
[nkiri.com/wp-content/uploads/2020/06/wonder-hollywood-movie.jpg]
[nkiri.com/wp-content/uploads/2020/06/da-5-blood-movie.jpg]
[nkiri.com/wp-content/uploads/2020/06/infamous-hollywood-movie.jpg]
[nkiri.com/wp-content/uploads/2020/06/the-predator.jpg]
[nkiri.com/wp-content/uploads/2020/06/artemis-fowl.jpg]
[nkiri.com/wp-content/uploads/2020/06/el-camino-a-breaking-bad-movie.jpg]
[nkiri.com/wp-content/uploads/2020/06/365-days.jpg]
[nkiri.com/wp-content/uploads/2020/06/isnt-it-romantic.jpg]
[nkiri.com/wp-content/uploads/2020/06/becky-hollywood-movie.jpg]
[nkiri.com/wp-content/uploads/2020/06/shirley-movie.jpg]
[nkiri.com/wp-content/uploads/2020/06/meet-the-blacks-hollywood-movie.jpg]
[nkiri.com/category/international/page/79/index.html]
[nkiri.com/wp-content/plugins/google-analytics-for-wordpress/assets/js/frontend-gtagb73c.js]
[nkiri.com/wp-content/plugins/google-analytics-for-wordpress/assets/js/frontend-gtagf00c.js]
[nkiri.com/category/international/page/76/index.html]
[nkiri.com/wp-content/uploads/2020/07/the-rental-hollywood-movie.jpg]
[nkiri.com/wp-content/uploads/2020/07/snioers-assassins-end-hollywood-movie.jpg]
[nkiri.com/wp-content/uploads/2020/07/amulet-hollywood-movie.jpg]
[nkiri.com/wp-content/uploads/2020/07/the-kissing-booth-hollywood-movie.jpg]
[nkiri.com/wp-content/uploads/2020/07/the-kissing-booth-2-hollywood-movie.jpg]
[nkiri.com/wp-content/uploads/2020/07/instant-family-hollywood-movie.jpg]
[nkiri.com/wp-content/uploads/2020/07/ben-hur-hollywood-movie.jpg]
[nkiri.com/wp-content/uploads/2020/07/alice-in-wonderland.jpg]
[nkiri.com/wp-content/uploads/2020/07/alice-throught-the-looking-glass.jpg]
[nkiri.com/wp-content/uploads/2020/07/psych-2-lassie-come-home.jpg]
[nkiri.com/wp-content/uploads/2020/07/resistance-hollywod-movie.jpg]
[nkiri.com/wp-content/uploads/2020/07/american-fighter-hollywood-movie.jpg]
[nkiri.com/wp-content/uploads/2020/07/insidious-chapter-4.jpg]
[nkiri.com/wp-content/uploads/2020/07/upgrade-hollywood-movie.jpg]
[nkiri.com/wp-content/uploads/2020/07/the-twilight-saga-5-breaking-dawn-part-2.jpg]
[nkiri.com/wp-content/uploads/2020/07/twilight-breaking-dawn-part-one.jpg]
[nkiri.com/wp-content/uploads/2020/07/first-kill-hollywood-movie.jpg]
[nkiri.com/wp-content/uploads/2020/07/a-nice-girl-like-you-hollywood-movie.jpg]
[nkiri.com/wp-content/uploads/2020/07/the-silencing-hollywood-movie.jpg]
[nkiri.com/wp-content/uploads/2020/07/the-purge-hollywood-movie.jpg]
[nkiri.com/wp-content/uploads/2020/07/mad-money-poster.jpg]
[nkiri.com/wp-content/uploads/2020/07/queen-and-slim-hollywood-movie.jpg]
[nkiri.com/wp-content/uploads/2020/07/the-vow-hollywood-movie.jpg]
[nkiri.com/wp-content/uploads/2020/07/salt-hollywood-movie.jpg]
[nkiri.com/wp-content/uploads/2020/07/fatal-affair-hollywood-movie.jpg]
[nkiri.com/wp-content/uploads/2020/07/THE-BELKO-EXPERIMENT.jpg]
[nkiri.com/wp-content/uploads/2020/07/lucy-hollywood-movie.jpg]
[nkiri.com/wp-content/uploads/2020/07/aladdin-hollywood-movie.jpg]
[nkiri.com/wp-content/uploads/2020/07/the-twilight-saga-3-eclipse.jpg]
[nkiri.com/category/international/page/77/index.html]
[nkiri.com/category/international/page/74/index.html]
[nkiri.com/wp-content/plugins/google-analytics-for-wordpress/assets/js/frontend-gtag81bd.js]
[nkiri.com/category/international/page/75/index.html]
[nkiri.com/wp-content/uploads/2020/07/the-twilight-saga-2-New-moon.jpg]
[nkiri.com/wp-content/uploads/2020/07/last-knights-hollywood-movie.jpg]
[nkiri.com/wp-content/uploads/2020/07/insidious-chapter-3.jpg]
[nkiri.com/wp-content/uploads/2020/07/black-panther-1.jpg]
[nkiri.com/wp-content/uploads/2020/07/the-tuxedo-hollywood-movie.jpg]
[nkiri.com/wp-content/uploads/2020/07/What-Happened-to-Monday.jpg]
[nkiri.com/wp-content/uploads/2020/07/first-cow-hollywood-movie.jpg]
[nkiri.com/wp-content/uploads/2020/07/relic-hollywood-movie-1.jpg]
[nkiri.com/wp-content/uploads/2020/07/a-christmas-prince-the-royal-wedding.jpg]
[nkiri.com/wp-content/uploads/2020/07/meet-dave-hollywood-movie.jpg]
[nkiri.com/wp-content/uploads/2020/07/palm-sprongs-movie-poter.jpg]
[nkiri.com/wp-content/uploads/2020/07/greyhound-poster.jpg]
[nkiri.com/wp-content/uploads/2020/07/the-old-guard-movie-hollywood.jpg]
[nkiri.com/wp-content/uploads/2020/07/invisble-movie.jpg]
[nkiri.com/wp-content/uploads/2020/07/come-sunday-poster.jpg]
[nkiri.com/wp-content/uploads/2020/07/hacksaw-ridge-hollywood-movie.jpg]
[nkiri.com/wp-content/uploads/2020/07/warm-bodies-hollywood.jpg]
[nkiri.com/wp-content/uploads/2020/07/eurovision-netflix-poster.jpg]
[nkiri.com/wp-content/uploads/2020/07/choke-movie-2020.jpg]
[nkiri.com/wp-content/uploads/2020/07/knock-knock-movie.jpg]
[nkiri.com/wp-content/uploads/2020/07/Twilight_2008_film_poster.jpg]
[nkiri.com/wp-content/uploads/2020/07/lost-bullet-movie.jpg]
[nkiri.com/wp-content/uploads/2020/07/yvonne-orji-momma-i-made-it.jpg]
[nkiri.com/wp-content/uploads/2020/07/desperados-movie.jpg]
[nkiri.com/wp-content/uploads/2020/07/Insidious_poster.jpg]
[nkiri.com/wp-content/uploads/2020/07/countdown-hollywood-movie.jpg]
[nkiri.com/wp-content/uploads/2020/07/everything-everything.jpg]
[nkiri.com/wp-content/uploads/2020/07/colombiana-movie.jpg]
[nkiri.com/wp-content/uploads/2020/07/storks-movie.jpg]
[nkiri.com/category/international/page/78/index.html]
[nkiri.com/wp-content/plugins/google-analytics-for-wordpress/assets/js/frontend-gtag3c94.js]
[nkiri.com/wp-content/plugins/google-analytics-for-wordpress/assets/js/frontend-gtag5fb2.js]
[nkiri.com/wp-content/uploads/2024/03/french-girl-hollywood-movie.jpg]
[nkiri.com/wp-content/plugins/google-analytics-for-wordpress/assets/js/frontend-gtag9980.js]
[nkiri.com/wp-content/uploads/2024/01/ferarri-hollywood-movie.jpg]
[nkiri.com/wp-content/uploads/2024/01/migration-hollywood-movie.jpg]
[nkiri.com/wp-content/uploads/2024/01/aquaman-and-the-lost-kingdom-hollywood-movie-2.jpg]
[nkiri.com/wp-content/uploads/2024/01/sunrise-hollywood-movie.jpg]
[nkiri.com/wp-content/uploads/2024/01/saving-bikini-bottom-hollywood-movie.jpg]
[nkiri.com/wp-content/uploads/2024/01/wonka-hollywood-movie.jpg]
[nkiri.com/wp-content/uploads/2024/01/the-kitchen-hollywood-movie.jpg]
[nkiri.com/wp-content/uploads/2024/01/bring-him-to-me-hollywood-movie.jpg]
[nkiri.com/wp-content/uploads/2024/01/blade-hollywood-movie.jpg]
[nkiri.com/wp-content/uploads/2024/01/blade-ii-hollyowod-movie.jpg]
[nkiri.com/wp-content/uploads/2024/01/blade-trinity-hollywood-movie.jpg]
[nkiri.com/wp-content/uploads/2024/01/the-color-purple-hollywood-movie.jpg]
[nkiri.com/wp-content/uploads/2024/01/the-boys-in-the-boat-hollywood-movie.jpg]
[nkiri.com/wp-content/uploads/2024/01/next-goal-wins-hollywood-movie.jpg]
[nkiri.com/wp-content/uploads/2024/01/good-egg-hollywood-movie.jpg]
[nkiri.com/wp-content/uploads/2024/01/one-more-shot-hollywood-movie.jpg]
[nkiri.com/wp-content/uploads/2024/01/lift-hollywood-movie.jpg]
[nkiri.com/wp-content/uploads/2024/01/self-reliance-hollywood-movie.jpg]
[nkiri.com/wp-content/uploads/2024/01/the-painter-hollywood-movie.jpg]
[nkiri.com/wp-content/uploads/2024/01/role-play-hollywood-movie.jpg]
[nkiri.com/wp-content/uploads/2024/01/waitress-the-musical-hollywood-movie.jpg]
[nkiri.com/wp-content/uploads/2024/01/justice-leage-hollywood-movie.jpg]
[nkiri.com/wp-content/uploads/2024/01/napoleon-hollywood-movie.jpg]
[nkiri.com/wp-content/uploads/2024/01/society-of-the-snow-spanish-movie.jpg]
[nkiri.com/wp-content/uploads/2024/01/good-grief-hollywood-movie.jpg]
[nkiri.com/wp-content/uploads/2024/01/the-bricklayer-hollywood-movie.jpg]
[nkiri.com/wp-content/uploads/2024/01/dangerous-waters-hollywood-movie.jpg]
[nkiri.com/wp-content/uploads/2024/01/race-for-glory-hollywood-movie.jpg]
[nkiri.com/wp-content/uploads/2024/01/all-dirt-toads-taste-of-salt-hollywood-movie.jpg]
[nkiri.com/wp-content/uploads/2024/01/suka-hollywood-movie.jpg]
[nkiri.com/category/international/page/14/index.html]
[nkiri.com/wp-content/plugins/google-analytics-for-wordpress/assets/js/frontend-gtag5a68.js]
[nkiri.com/wp-content/plugins/google-analytics-for-wordpress/assets/js/frontend-gtaga193.js]
[nkiri.com/category/international/page/17/index.html]
[nkiri.com/wp-content/uploads/2024/01/arthurs-whiskey-hollywood-movie.jpg]
[nkiri.com/wp-content/uploads/2024/01/eileen-hollywood-movie.jpg]
[nkiri.com/wp-content/uploads/2024/01/hunting-games-hollywood-movie.jpg]
[nkiri.com/wp-content/uploads/2024/01/the-dreamer-stand-up.jpg]
[nkiri.com/wp-content/uploads/2023/12/how-to-have-sex-hollywood-movie.jpg]
[nkiri.com/wp-content/uploads/2023/12/dream-scenario-hollywood-movie.jpg]
[nkiri.com/wp-content/uploads/2023/12/breakwater-hollywood-movie.jpg]
[nkiri.com/wp-content/uploads/2023/12/saltburn-hollywood-movie.jpg]
[nkiri.com/wp-content/uploads/2023/12/rebel-moon-hollywood-movie.jpg]
[nkiri.com/wp-content/uploads/2023/12/bad-behaviour-hollywood-movie.jpg]
[nkiri.com/wp-content/uploads/2023/12/maestro-hollywood-movie.jpg]
[nkiri.com/wp-content/uploads/2023/12/oour-son-hollywood-movie.jpg]
[nkiri.com/wp-content/uploads/2023/12/thanksgiving-hollywood-movie.jpg]
[nkiri.com/wp-content/uploads/2023/12/silent-night-hollywood-movie.jpg]
[nkiri.com/wp-content/uploads/2023/12/chicken-run-hollywood-movie.jpg]
[nkiri.com/wp-content/uploads/2023/12/finestkind-hollywood-movie.jpg]
[nkiri.com/wp-content/uploads/2023/12/priscilla-hollywood-movie.jpg]
[nkiri.com/wp-content/uploads/2023/12/the-family-plan-hollywood-movie.jpg]
[nkiri.com/wp-content/uploads/2023/12/mr-monks-last-case-a-monk-movie-hollywood-movie.jpg]
[nkiri.com/wp-content/uploads/2023/12/download-cat-person-hollywood-movie.jpg]
[nkiri.com/wp-content/uploads/2023/12/silver-and-the-book-of-dreams-hollywood-movie.jpg]
[nkiri.com/wp-content/uploads/2023/12/journey-to-bethlehem-hollywood-movie.jpg]
[nkiri.com/wp-content/uploads/2023/12/gods-petting-you-hollywood-movie.jpg]
[nkiri.com/wp-content/uploads/2023/12/diary-of-a-wimpy-kid-christmas-fever-hollywood-movie.jpg]
[nkiri.com/wp-content/uploads/2023/12/all-souls-hollywood-movie.jpg]
[nkiri.com/wp-content/uploads/2023/12/the-marvels-hollywood-movie.jpg]
[nkiri.com/wp-content/uploads/2023/12/the-hunger-games-the-ballad-of-songbirds-and-snakes-hollywood-movie.jpg]
[nkiri.com/wp-content/uploads/2023/12/fast-charlie-hollywood-omvie.jpg]
[nkiri.com/wp-content/uploads/2023/12/leave-the-world-behind-hollywood-movie.jpg]
[nkiri.com/wp-content/uploads/2023/12/merry-little-batman-hollywood-movie.jpg]
[nkiri.com/category/international/page/15/index.html]
[nkiri.com/wp-content/plugins/google-analytics-for-wordpress/assets/js/frontend-gtag1fbc.js]
[nkiri.com/wp-content/plugins/google-analytics-for-wordpress/assets/js/frontend-gtag1b81.js]
[nkiri.com/wp-content/uploads/2023/12/lady-ballers-hollywood-movie.jpg]
[nkiri.com/category/international/page/18/index.html]
[nkiri.com/wp-content/uploads/2023/12/killers-of-the-flower-moon-hollywood-movie.jpg]
[nkiri.com/wp-content/uploads/2023/12/scrapper-hollywood-movie.jpg]
[nkiri.com/wp-content/uploads/2023/12/IMG_0008.jpg]
[nkiri.com/wp-content/uploads/2023/12/IMG_0007.jpg]
[nkiri.com/wp-content/uploads/2023/12/IMG_0006-scaled.jpg]
[nkiri.com/wp-content/uploads/2023/12/how-the-gringo-stoe-christmas-hollywood-movie.jpg]
[nkiri.com/wp-content/uploads/2023/12/its-a-wonderful-knife-hollywood-movie.jpg]
[nkiri.com/wp-content/uploads/2023/12/candy-cane-lane-hollywood-movie.jpg]
[nkiri.com/wp-content/uploads/2023/11/family-switch-hollywood-movie.jpg]
[nkiri.com/wp-content/uploads/2023/11/kane-hollywood-movie.jpg]
[nkiri.com/wp-content/uploads/2023/11/what-happens-later-hollywood-movie.jpg]
[nkiri.com/wp-content/uploads/2023/11/in-the-land-of-saints-and-sinners-hollywood-movie.jpg]
[nkiri.com/wp-content/uploads/2023/11/freelance-hollywood-movie.jpg]
[nkiri.com/wp-content/uploads/2023/11/the-holdover-hollywood-movie.jpg]
[nkiri.com/wp-content/uploads/2023/11/survivor-series-wwe.jpg]
[nkiri.com/wp-content/uploads/2023/11/the-naughty-nine-hollywood-movie.jpg]
[nkiri.com/wp-content/uploads/2023/11/genie-hollywood-movie.jpg]
[nkiri.com/wp-content/uploads/2023/11/good-burger-2-hollywood-movie.jpg]
[nkiri.com/wp-content/uploads/2023/11/zombie-town-hollywood-movie.jpg]
[nkiri.com/wp-content/uploads/2023/11/leo-hollywood-movie.jpg]
[nkiri.com/wp-content/uploads/2023/11/back-on-the-strip-hollywood-movie.jpg]
[nkiri.com/wp-content/uploads/2023/11/the-marsh-kings-daughther-hollywood-movie.jpg]
[nkiri.com/wp-content/uploads/2023/11/sick-girl-hollywood-movie.jpg]
[nkiri.com/wp-content/uploads/2023/11/exmas-hollywood-movie.jpg]
[nkiri.com/wp-content/uploads/2023/11/trolls-band-together-hollywood-movie.jpg]
[nkiri.com/wp-content/uploads/2023/11/dashing-through-the-snow-hollywood-movie.jpg]
[nkiri.com/wp-content/uploads/2023/11/please-dont-destroy-the-treasure-on-foggy-mountain-hollywood-movie.jpg]
[nkiri.com/wp-content/uploads/2023/11/onyx-the-fortuitous-and-talisman-of-souls-hollywood-movie.jpg]
[nkiri.com/wp-content/uploads/2023/11/manodrome-hollywood-movie.jpg]
[nkiri.com/category/international/page/16/index.html]
[nkiri.com/wp-content/plugins/google-analytics-for-wordpress/assets/js/frontend-gtagff3a.js]
[nkiri.com/category/international/page/19/index.html]
[nkiri.com/wp-content/plugins/google-analytics-for-wordpress/assets/js/frontend-gtage584.js]
[nkiri.com/wp-content/uploads/2020/08/beast-no-more-hollywood-movie.jpg]
[nkiri.com/wp-content/uploads/2020/08/tully-hollywood-movie.jpg]
[nkiri.com/wp-content/uploads/2020/08/gabriels-inferno-2.jpg]
[nkiri.com/wp-content/uploads/2020/08/black-is-king-visual-album.jpg]
[nkiri.com/wp-content/uploads/2020/08/coco-hollywood-movie.jpg]
[nkiri.com/wp-content/uploads/2020/08/bombshell-hollywood-movie.jpg]
[nkiri.com/wp-content/uploads/2020/08/tag-hollywood-movie.jpg]
[nkiri.com/wp-content/uploads/2020/08/mad-max-fury-road-hollywood-movie.jpg]
[nkiri.com/wp-content/uploads/2020/08/wonder-woman-hollywood-movie.jpg]
[nkiri.com/wp-content/uploads/2020/08/skyscrapper-hollywood-movie.jpg]
[nkiri.com/wp-content/uploads/2020/07/radioactive-hollywood-movie.jpg]
[nkiri.com/wp-content/uploads/2020/07/star-girl-hollywood-movie.jpg]
[nkiri.com/wp-content/uploads/2020/07/mile-22-hollywood-movie.jpg]
[nkiri.com/wp-content/uploads/2020/07/hush-hollywood-movie.jpg]
[nkiri.com/wp-content/uploads/2020/07/her-hollywood-movie.jpg]
[nkiri.com/wp-content/uploads/2020/07/an-affair-to-die-for-hollywood-movie.jpg]
[nkiri.com/wp-content/uploads/2020/07/flower-hollywood-movie.jpg]
[nkiri.com/wp-content/uploads/2020/07/the-scorpion-king-hollywood-movie.jpg]
[nkiri.com/wp-content/uploads/2020/07/archive-hollywoood-movie.jpg]
[nkiri.com/wp-content/uploads/2020/07/yes-god-yes-hollywood-movie.jpg]
[nkiri.com/wp-content/uploads/2020/07/banana-split-hollywood-movie.jpg]
[nkiri.com/wp-content/uploads/2020/07/the-devil-wears-prada-hollywood-movie.jpg]
[nkiri.com/wp-content/uploads/2020/07/marriage-story-hollywood-movie.jpg]
[nkiri.com/wp-content/uploads/2020/07/legacy-of-lies-holywood-movie.jpg]
[nkiri.com/wp-content/uploads/2020/07/thr-perfect-date-hollywood-movie.jpg]
[nkiri.com/category/international/page/76/index.html]
[nkiri.com/wp-content/plugins/google-analytics-for-wordpress/assets/js/frontend-gtagf00c.js]
[nkiri.com/category/international/page/74/index.html]
[nkiri.com/category/international/page/75/index.html]
[nkiri.com/wp-content/plugins/google-analytics-for-wordpress/assets/js/frontend-gtag81bd.js]
[nkiri.com/wp-content/plugins/google-analytics-for-wordpress/assets/js/frontend-gtag9980.js]
[nkiri.com/category/international/page/17/index.html]
[nkiri.com/wp-content/plugins/google-analytics-for-wordpress/assets/js/frontend-gtaga193.js]
[nkiri.com/category/international/page/18/index.html]
[nkiri.com/wp-content/plugins/google-analytics-for-wordpress/assets/js/frontend-gtag1b81.js]
[nkiri.com/category/international/page/19/index.html]
[nkiri.com/wp-content/plugins/google-analytics-for-wordpress/assets/js/frontend-gtage584.js]
[nkiri.com/wp-content/uploads/2020/07/kingsman-golden-circle.html]
[nkiri.com/wp-content/uploads/2020/07/insidious-chapter-2.jpg]
